#! /opt/homebrew/Cellar/icarus-verilog/12.0/bin/vvp
:ivl_version "12.0 (stable)";
:ivl_delay_selection "TYPICAL";
:vpi_time_precision - 12;
:vpi_module "/opt/homebrew/Cellar/icarus-verilog/12.0/lib/ivl/system.vpi";
:vpi_module "/opt/homebrew/Cellar/icarus-verilog/12.0/lib/ivl/vhdl_sys.vpi";
:vpi_module "/opt/homebrew/Cellar/icarus-verilog/12.0/lib/ivl/vhdl_textio.vpi";
:vpi_module "/opt/homebrew/Cellar/icarus-verilog/12.0/lib/ivl/v2005_math.vpi";
:vpi_module "/opt/homebrew/Cellar/icarus-verilog/12.0/lib/ivl/va_math.vpi";
S_0x112e04170 .scope module, "bf16_add_testbench" "bf16_add_testbench" 2 359;
 .timescale -9 -12;
v0x112e179f0_0 .var "bf16_a", 15 0;
v0x112e17a80_0 .var "bf16_b", 15 0;
v0x112e17b10_0 .net "bf16_out", 15 0, v0x112e154e0_0;  1 drivers
v0x112e17ba0_0 .var "clk", 0 0;
v0x112e17c30_0 .var "rst_n", 0 0;
v0x112e17d00_0 .var "valid_in", 0 0;
v0x112e17db0_0 .net "valid_out", 0 0, v0x112e178a0_0;  1 drivers
E_0x112e042f0 .event posedge, v0x112e15590_0;
S_0x112e04350 .scope module, "uut" "bf16_add_pipeline" 2 373, 2 7 0, S_0x112e04170;
 .timescale -9 -12;
    .port_info 0 /INPUT 1 "clk";
    .port_info 1 /INPUT 1 "rst_n";
    .port_info 2 /INPUT 16 "bf16_a";
    .port_info 3 /INPUT 16 "bf16_b";
    .port_info 4 /INPUT 1 "valid_in";
    .port_info 5 /OUTPUT 16 "bf16_out";
    .port_info 6 /OUTPUT 1 "valid_out";
P_0x112e04520 .param/l "NAN" 1 2 24, C4<0111111111000000>;
P_0x112e04560 .param/l "NEG_INF" 1 2 23, C4<1111111110000000>;
P_0x112e045a0 .param/l "POS_INF" 1 2 22, C4<0111111110000000>;
v0x112e15110_0 .var "aligned_exp", 8 0;
v0x112e151d0_0 .var "aligned_mant_a", 8 0;
v0x112e15280_0 .var "aligned_mant_b", 8 0;
v0x112e15340_0 .net "bf16_a", 15 0, v0x112e179f0_0;  1 drivers
v0x112e153f0_0 .net "bf16_b", 15 0, v0x112e17a80_0;  1 drivers
v0x112e154e0_0 .var "bf16_out", 15 0;
v0x112e15590_0 .net "clk", 0 0, v0x112e17ba0_0;  1 drivers
v0x112e15630_0 .var "exp_a_comb", 7 0;
v0x112e156e0_0 .var "exp_a_seq", 7 0;
v0x112e157f0_0 .var "exp_b_comb", 7 0;
v0x112e158a0_0 .var "exp_b_seq", 7 0;
v0x112e15950_0 .var "final_exp", 8 0;
v0x112e15a00_0 .var "final_mant", 8 0;
v0x112e15ab0_0 .var "final_sign", 0 0;
v0x112e15b50_0 .var "mant_a_comb", 6 0;
v0x112e15c00_0 .var "mant_a_seq", 6 0;
v0x112e15cb0_0 .var "mant_b_comb", 6 0;
v0x112e15e40_0 .var "mant_b_seq", 6 0;
v0x112e15ed0_0 .net "rst_n", 0 0, v0x112e17c30_0;  1 drivers
v0x112e15f70_0 .var "shift_amount", 5 0;
v0x112e16020_0 .var "sign_a_comb", 0 0;
v0x112e160c0_0 .var "sign_a_seq", 0 0;
v0x112e16160_0 .var "sign_b_comb", 0 0;
v0x112e16200_0 .var "sign_b_seq", 0 0;
v0x112e162a0_0 .var "special_case_detected", 0 0;
v0x112e16340_0 .var "special_case_result", 15 0;
v0x112e163f0_0 .var "stage1_bf16_a", 15 0;
v0x112e164a0_0 .var "stage1_bf16_b", 15 0;
v0x112e16550_0 .var "stage1_result", 15 0;
v0x112e16600_0 .var "stage1_special_case", 0 0;
v0x112e166a0_0 .var "stage1_valid", 0 0;
v0x112e16740_0 .var "stage2_exp_a", 8 0;
v0x112e167f0_0 .var "stage2_exp_b", 8 0;
v0x112e15d60_0 .var "stage2_mant_a", 7 0;
v0x112e16a80_0 .var "stage2_mant_b", 7 0;
v0x112e16b10_0 .var "stage2_result", 15 0;
v0x112e16bb0_0 .var "stage2_sign_a", 0 0;
v0x112e16c50_0 .var "stage2_sign_b", 0 0;
v0x112e16cf0_0 .var "stage2_special_case", 0 0;
v0x112e16d90_0 .var "stage2_valid", 0 0;
v0x112e16e30_0 .var "stage3_exp_result", 8 0;
v0x112e16ee0_0 .var "stage3_mant_a", 7 0;
v0x112e16f90_0 .var "stage3_mant_b", 7 0;
v0x112e17040_0 .var "stage3_result", 15 0;
v0x112e170f0_0 .var "stage3_sign_a", 0 0;
v0x112e17190_0 .var "stage3_sign_b", 0 0;
v0x112e17230_0 .var "stage3_special_case", 0 0;
v0x112e172d0_0 .var "stage3_valid", 0 0;
v0x112e17370_0 .var "stage4_exp_result", 8 0;
v0x112e17420_0 .var "stage4_mant_result", 8 0;
v0x112e174d0_0 .var "stage4_result", 15 0;
v0x112e17580_0 .var "stage4_sign_result", 0 0;
v0x112e17620_0 .var "stage4_special_case", 0 0;
v0x112e176c0_0 .var "stage4_valid", 0 0;
v0x112e17760_0 .var "stage5_valid", 0 0;
v0x112e17800_0 .net "valid_in", 0 0, v0x112e17d00_0;  1 drivers
v0x112e178a0_0 .var "valid_out", 0 0;
E_0x112e047a0/0 .event negedge, v0x112e15ed0_0;
E_0x112e047a0/1 .event posedge, v0x112e15590_0;
E_0x112e047a0 .event/or E_0x112e047a0/0, E_0x112e047a0/1;
E_0x112e04800/0 .event anyedge, v0x112e15340_0, v0x112e153f0_0, v0x112e15630_0, v0x112e15b50_0;
E_0x112e04800/1 .event anyedge, v0x112e157f0_0, v0x112e15cb0_0, v0x112e16020_0, v0x112e16160_0;
E_0x112e04800 .event/or E_0x112e04800/0, E_0x112e04800/1;
S_0x112e04880 .scope function.vec4.s9, "adjust_exp_for_denormal" "adjust_exp_for_denormal" 2 163, 2 163 0, S_0x112e04350;
 .timescale -9 -12;
; Variable adjust_exp_for_denormal is vec4 return value of scope S_0x112e04880
v0x112e14b10_0 .var "exp", 7 0;
v0x112e14bc0_0 .var "mant", 6 0;
TD_bf16_add_testbench.uut.adjust_exp_for_denormal ;
    %load/vec4 v0x112e14b10_0;
    %cmpi/e 0, 0, 8;
    %flag_get/vec4 4;
    %jmp/0 T_0.2, 4;
    %load/vec4 v0x112e14bc0_0;
    %pushi/vec4 0, 0, 7;
    %cmp/ne;
    %flag_get/vec4 4;
    %and;
T_0.2;
    %flag_set/vec4 8;
    %jmp/0xz  T_0.0, 8;
    %load/vec4 v0x112e14bc0_0;
    %parti/s 1, 6, 4;
    %flag_set/vec4 8;
    %jmp/0xz  T_0.3, 8;
    %pushi/vec4 1, 0, 9;
    %ret/vec4 0, 0, 9;  Assign to adjust_exp_for_denormal (store_vec4_to_lval)
    %jmp T_0.4;
T_0.3 ;
    %load/vec4 v0x112e14bc0_0;
    %parti/s 1, 5, 4;
    %flag_set/vec4 8;
    %jmp/0xz  T_0.5, 8;
    %pushi/vec4 0, 0, 9;
    %ret/vec4 0, 0, 9;  Assign to adjust_exp_for_denormal (store_vec4_to_lval)
    %jmp T_0.6;
T_0.5 ;
    %load/vec4 v0x112e14bc0_0;
    %parti/s 1, 4, 4;
    %flag_set/vec4 8;
    %jmp/0xz  T_0.7, 8;
    %pushi/vec4 511, 0, 9;
    %ret/vec4 0, 0, 9;  Assign to adjust_exp_for_denormal (store_vec4_to_lval)
    %jmp T_0.8;
T_0.7 ;
    %load/vec4 v0x112e14bc0_0;
    %parti/s 1, 3, 3;
    %flag_set/vec4 8;
    %jmp/0xz  T_0.9, 8;
    %pushi/vec4 510, 0, 9;
    %ret/vec4 0, 0, 9;  Assign to adjust_exp_for_denormal (store_vec4_to_lval)
    %jmp T_0.10;
T_0.9 ;
    %load/vec4 v0x112e14bc0_0;
    %parti/s 1, 2, 3;
    %flag_set/vec4 8;
    %jmp/0xz  T_0.11, 8;
    %pushi/vec4 509, 0, 9;
    %ret/vec4 0, 0, 9;  Assign to adjust_exp_for_denormal (store_vec4_to_lval)
    %jmp T_0.12;
T_0.11 ;
    %load/vec4 v0x112e14bc0_0;
    %parti/s 1, 1, 2;
    %flag_set/vec4 8;
    %jmp/0xz  T_0.13, 8;
    %pushi/vec4 508, 0, 9;
    %ret/vec4 0, 0, 9;  Assign to adjust_exp_for_denormal (store_vec4_to_lval)
    %jmp T_0.14;
T_0.13 ;
    %load/vec4 v0x112e14bc0_0;
    %parti/s 1, 0, 2;
    %flag_set/vec4 8;
    %jmp/0xz  T_0.15, 8;
    %pushi/vec4 507, 0, 9;
    %ret/vec4 0, 0, 9;  Assign to adjust_exp_for_denormal (store_vec4_to_lval)
    %jmp T_0.16;
T_0.15 ;
    %pushi/vec4 1, 0, 9;
    %ret/vec4 0, 0, 9;  Assign to adjust_exp_for_denormal (store_vec4_to_lval)
T_0.16 ;
T_0.14 ;
T_0.12 ;
T_0.10 ;
T_0.8 ;
T_0.6 ;
T_0.4 ;
    %jmp T_0.1;
T_0.0 ;
    %pushi/vec4 0, 0, 1;
    %load/vec4 v0x112e14b10_0;
    %concat/vec4; draw_concat_vec4
    %ret/vec4 0, 0, 9;  Assign to adjust_exp_for_denormal (store_vec4_to_lval)
T_0.1 ;
    %end;
S_0x112e14c80 .scope function.vec4.s8, "normalize_mantissa" "normalize_mantissa" 2 141, 2 141 0, S_0x112e04350;
 .timescale -9 -12;
v0x112e14e50_0 .var "exp", 7 0;
v0x112e14f00_0 .var "is_denormal", 0 0;
v0x112e14fa0_0 .var "mant", 6 0;
; Variable normalize_mantissa is vec4 return value of scope S_0x112e14c80
TD_bf16_add_testbench.uut.normalize_mantissa ;
    %load/vec4 v0x112e14e50_0;
    %cmpi/e 0, 0, 8;
    %flag_get/vec4 4;
    %jmp/0 T_1.19, 4;
    %load/vec4 v0x112e14fa0_0;
    %pushi/vec4 0, 0, 7;
    %cmp/ne;
    %flag_get/vec4 4;
    %and;
T_1.19;
    %flag_set/vec4 8;
    %jmp/0xz  T_1.17, 8;
    %load/vec4 v0x112e14fa0_0;
    %parti/s 1, 6, 4;
    %flag_set/vec4 8;
    %jmp/0xz  T_1.20, 8;
    %pushi/vec4 128, 0, 8;
    %load/vec4 v0x112e14fa0_0;
    %pad/u 8;
    %or;
    %ret/vec4 0, 0, 8;  Assign to normalize_mantissa (store_vec4_to_lval)
    %jmp T_1.21;
T_1.20 ;
    %load/vec4 v0x112e14fa0_0;
    %parti/s 1, 5, 4;
    %flag_set/vec4 8;
    %jmp/0xz  T_1.22, 8;
    %pushi/vec4 64, 0, 8;
    %load/vec4 v0x112e14fa0_0;
    %pad/u 8;
    %ix/load 4, 1, 0;
    %flag_set/imm 4, 0;
    %shiftl 4;
    %or;
    %ret/vec4 0, 0, 8;  Assign to normalize_mantissa (store_vec4_to_lval)
    %jmp T_1.23;
T_1.22 ;
    %load/vec4 v0x112e14fa0_0;
    %parti/s 1, 4, 4;
    %flag_set/vec4 8;
    %jmp/0xz  T_1.24, 8;
    %pushi/vec4 32, 0, 8;
    %load/vec4 v0x112e14fa0_0;
    %pad/u 8;
    %ix/load 4, 2, 0;
    %flag_set/imm 4, 0;
    %shiftl 4;
    %or;
    %ret/vec4 0, 0, 8;  Assign to normalize_mantissa (store_vec4_to_lval)
    %jmp T_1.25;
T_1.24 ;
    %load/vec4 v0x112e14fa0_0;
    %parti/s 1, 3, 3;
    %flag_set/vec4 8;
    %jmp/0xz  T_1.26, 8;
    %pushi/vec4 16, 0, 8;
    %load/vec4 v0x112e14fa0_0;
    %pad/u 8;
    %ix/load 4, 3, 0;
    %flag_set/imm 4, 0;
    %shiftl 4;
    %or;
    %ret/vec4 0, 0, 8;  Assign to normalize_mantissa (store_vec4_to_lval)
    %jmp T_1.27;
T_1.26 ;
    %load/vec4 v0x112e14fa0_0;
    %parti/s 1, 2, 3;
    %flag_set/vec4 8;
    %jmp/0xz  T_1.28, 8;
    %pushi/vec4 8, 0, 8;
    %load/vec4 v0x112e14fa0_0;
    %pad/u 8;
    %ix/load 4, 4, 0;
    %flag_set/imm 4, 0;
    %shiftl 4;
    %or;
    %ret/vec4 0, 0, 8;  Assign to normalize_mantissa (store_vec4_to_lval)
    %jmp T_1.29;
T_1.28 ;
    %load/vec4 v0x112e14fa0_0;
    %parti/s 1, 1, 2;
    %flag_set/vec4 8;
    %jmp/0xz  T_1.30, 8;
    %pushi/vec4 4, 0, 8;
    %load/vec4 v0x112e14fa0_0;
    %pad/u 8;
    %ix/load 4, 5, 0;
    %flag_set/imm 4, 0;
    %shiftl 4;
    %or;
    %ret/vec4 0, 0, 8;  Assign to normalize_mantissa (store_vec4_to_lval)
    %jmp T_1.31;
T_1.30 ;
    %load/vec4 v0x112e14fa0_0;
    %parti/s 1, 0, 2;
    %flag_set/vec4 8;
    %jmp/0xz  T_1.32, 8;
    %pushi/vec4 2, 0, 8;
    %load/vec4 v0x112e14fa0_0;
    %pad/u 8;
    %ix/load 4, 6, 0;
    %flag_set/imm 4, 0;
    %shiftl 4;
    %or;
    %ret/vec4 0, 0, 8;  Assign to normalize_mantissa (store_vec4_to_lval)
    %jmp T_1.33;
T_1.32 ;
    %pushi/vec4 128, 0, 8;
    %ret/vec4 0, 0, 8;  Assign to normalize_mantissa (store_vec4_to_lval)
T_1.33 ;
T_1.31 ;
T_1.29 ;
T_1.27 ;
T_1.25 ;
T_1.23 ;
T_1.21 ;
    %jmp T_1.18;
T_1.17 ;
    %pushi/vec4 128, 0, 8;
    %load/vec4 v0x112e14fa0_0;
    %pad/u 8;
    %or;
    %ret/vec4 0, 0, 8;  Assign to normalize_mantissa (store_vec4_to_lval)
T_1.18 ;
    %end;
    .scope S_0x112e04350;
T_2 ;
    %wait E_0x112e04800;
    %load/vec4 v0x112e15340_0;
    %parti/s 1, 15, 5;
    %store/vec4 v0x112e16020_0, 0, 1;
    %load/vec4 v0x112e15340_0;
    %parti/s 8, 7, 4;
    %store/vec4 v0x112e15630_0, 0, 8;
    %load/vec4 v0x112e15340_0;
    %parti/s 7, 0, 2;
    %store/vec4 v0x112e15b50_0, 0, 7;
    %load/vec4 v0x112e153f0_0;
    %parti/s 1, 15, 5;
    %store/vec4 v0x112e16160_0, 0, 1;
    %load/vec4 v0x112e153f0_0;
    %parti/s 8, 7, 4;
    %store/vec4 v0x112e157f0_0, 0, 8;
    %load/vec4 v0x112e153f0_0;
    %parti/s 7, 0, 2;
    %store/vec4 v0x112e15cb0_0, 0, 7;
    %pushi/vec4 0, 0, 1;
    %store/vec4 v0x112e162a0_0, 0, 1;
    %pushi/vec4 0, 0, 16;
    %store/vec4 v0x112e16340_0, 0, 16;
    %load/vec4 v0x112e15630_0;
    %cmpi/e 255, 0, 8;
    %flag_get/vec4 4;
    %jmp/0 T_2.3, 4;
    %load/vec4 v0x112e15b50_0;
    %pushi/vec4 0, 0, 7;
    %cmp/ne;
    %flag_get/vec4 4;
    %and;
T_2.3;
    %flag_set/vec4 8;
    %jmp/1 T_2.2, 8;
    %load/vec4 v0x112e157f0_0;
    %cmpi/e 255, 0, 8;
    %flag_get/vec4 4;
    %jmp/0 T_2.4, 4;
    %load/vec4 v0x112e15cb0_0;
    %pushi/vec4 0, 0, 7;
    %cmp/ne;
    %flag_get/vec4 4;
    %and;
T_2.4;
    %flag_set/vec4 9;
    %flag_or 8, 9;
T_2.2;
    %jmp/0xz  T_2.0, 8;
    %pushi/vec4 1, 0, 1;
    %store/vec4 v0x112e162a0_0, 0, 1;
    %pushi/vec4 32704, 0, 16;
    %store/vec4 v0x112e16340_0, 0, 16;
    %jmp T_2.1;
T_2.0 ;
    %load/vec4 v0x112e15630_0;
    %cmpi/e 255, 0, 8;
    %jmp/0xz  T_2.5, 4;
    %load/vec4 v0x112e157f0_0;
    %cmpi/e 255, 0, 8;
    %flag_get/vec4 4;
    %jmp/0 T_2.9, 4;
    %load/vec4 v0x112e16020_0;
    %load/vec4 v0x112e16160_0;
    %cmp/ne;
    %flag_get/vec4 4;
    %and;
T_2.9;
    %flag_set/vec4 8;
    %jmp/0xz  T_2.7, 8;
    %pushi/vec4 1, 0, 1;
    %store/vec4 v0x112e162a0_0, 0, 1;
    %pushi/vec4 32704, 0, 16;
    %store/vec4 v0x112e16340_0, 0, 16;
    %jmp T_2.8;
T_2.7 ;
    %pushi/vec4 1, 0, 1;
    %store/vec4 v0x112e162a0_0, 0, 1;
    %load/vec4 v0x112e16020_0;
    %concati/vec4 255, 0, 8;
    %concati/vec4 0, 0, 7;
    %store/vec4 v0x112e16340_0, 0, 16;
T_2.8 ;
    %jmp T_2.6;
T_2.5 ;
    %load/vec4 v0x112e157f0_0;
    %cmpi/e 255, 0, 8;
    %jmp/0xz  T_2.10, 4;
    %pushi/vec4 1, 0, 1;
    %store/vec4 v0x112e162a0_0, 0, 1;
    %load/vec4 v0x112e16160_0;
    %concati/vec4 255, 0, 8;
    %concati/vec4 0, 0, 7;
    %store/vec4 v0x112e16340_0, 0, 16;
    %jmp T_2.11;
T_2.10 ;
    %load/vec4 v0x112e15630_0;
    %cmpi/e 0, 0, 8;
    %flag_get/vec4 4;
    %jmp/0 T_2.15, 4;
    %load/vec4 v0x112e15b50_0;
    %pushi/vec4 0, 0, 7;
    %cmp/e;
    %flag_get/vec4 4;
    %and;
T_2.15;
    %flag_set/vec4 9;
    %flag_get/vec4 9;
    %jmp/0 T_2.14, 9;
    %load/vec4 v0x112e157f0_0;
    %cmpi/e 0, 0, 8;
    %flag_get/vec4 4;
    %jmp/0 T_2.16, 4;
    %load/vec4 v0x112e15cb0_0;
    %pushi/vec4 0, 0, 7;
    %cmp/e;
    %flag_get/vec4 4;
    %and;
T_2.16;
    %and;
T_2.14;
    %flag_set/vec4 8;
    %jmp/0xz  T_2.12, 8;
    %pushi/vec4 1, 0, 1;
    %store/vec4 v0x112e162a0_0, 0, 1;
    %load/vec4 v0x112e16020_0;
    %load/vec4 v0x112e16160_0;
    %cmp/e;
    %jmp/0xz  T_2.17, 4;
    %load/vec4 v0x112e16020_0;
    %concati/vec4 0, 0, 8;
    %concati/vec4 0, 0, 7;
    %store/vec4 v0x112e16340_0, 0, 16;
    %jmp T_2.18;
T_2.17 ;
    %pushi/vec4 0, 0, 16;
    %store/vec4 v0x112e16340_0, 0, 16;
T_2.18 ;
    %jmp T_2.13;
T_2.12 ;
    %load/vec4 v0x112e15630_0;
    %cmpi/e 0, 0, 8;
    %flag_get/vec4 4;
    %jmp/0 T_2.21, 4;
    %load/vec4 v0x112e15b50_0;
    %pushi/vec4 0, 0, 7;
    %cmp/e;
    %flag_get/vec4 4;
    %and;
T_2.21;
    %flag_set/vec4 8;
    %jmp/0xz  T_2.19, 8;
    %pushi/vec4 1, 0, 1;
    %store/vec4 v0x112e162a0_0, 0, 1;
    %load/vec4 v0x112e153f0_0;
    %store/vec4 v0x112e16340_0, 0, 16;
    %jmp T_2.20;
T_2.19 ;
    %load/vec4 v0x112e157f0_0;
    %cmpi/e 0, 0, 8;
    %flag_get/vec4 4;
    %jmp/0 T_2.24, 4;
    %load/vec4 v0x112e15cb0_0;
    %pushi/vec4 0, 0, 7;
    %cmp/e;
    %flag_get/vec4 4;
    %and;
T_2.24;
    %flag_set/vec4 8;
    %jmp/0xz  T_2.22, 8;
    %pushi/vec4 1, 0, 1;
    %store/vec4 v0x112e162a0_0, 0, 1;
    %load/vec4 v0x112e15340_0;
    %store/vec4 v0x112e16340_0, 0, 16;
T_2.22 ;
T_2.20 ;
T_2.13 ;
T_2.11 ;
T_2.6 ;
T_2.1 ;
    %jmp T_2;
    .thread T_2, $push;
    .scope S_0x112e04350;
T_3 ;
    %wait E_0x112e047a0;
    %load/vec4 v0x112e15ed0_0;
    %nor/r;
    %flag_set/vec4 8;
    %jmp/0xz  T_3.0, 8;
    %pushi/vec4 0, 0, 16;
    %assign/vec4 v0x112e163f0_0, 0;
    %pushi/vec4 0, 0, 16;
    %assign/vec4 v0x112e164a0_0, 0;
    %pushi/vec4 0, 0, 1;
    %assign/vec4 v0x112e166a0_0, 0;
    %pushi/vec4 0, 0, 1;
    %assign/vec4 v0x112e16600_0, 0;
    %pushi/vec4 0, 0, 16;
    %assign/vec4 v0x112e16550_0, 0;
    %pushi/vec4 0, 0, 1;
    %assign/vec4 v0x112e16d90_0, 0;
    %pushi/vec4 0, 0, 1;
    %assign/vec4 v0x112e16cf0_0, 0;
    %pushi/vec4 0, 0, 16;
    %assign/vec4 v0x112e16b10_0, 0;
    %pushi/vec4 0, 0, 1;
    %assign/vec4 v0x112e16bb0_0, 0;
    %pushi/vec4 0, 0, 9;
    %assign/vec4 v0x112e16740_0, 0;
    %pushi/vec4 0, 0, 8;
    %assign/vec4 v0x112e15d60_0, 0;
    %pushi/vec4 0, 0, 1;
    %assign/vec4 v0x112e16c50_0, 0;
    %pushi/vec4 0, 0, 9;
    %assign/vec4 v0x112e167f0_0, 0;
    %pushi/vec4 0, 0, 8;
    %assign/vec4 v0x112e16a80_0, 0;
    %pushi/vec4 0, 0, 1;
    %assign/vec4 v0x112e172d0_0, 0;
    %pushi/vec4 0, 0, 1;
    %assign/vec4 v0x112e17230_0, 0;
    %pushi/vec4 0, 0, 16;
    %assign/vec4 v0x112e17040_0, 0;
    %pushi/vec4 0, 0, 1;
    %assign/vec4 v0x112e170f0_0, 0;
    %pushi/vec4 0, 0, 1;
    %assign/vec4 v0x112e17190_0, 0;
    %pushi/vec4 0, 0, 9;
    %assign/vec4 v0x112e16e30_0, 0;
    %pushi/vec4 0, 0, 8;
    %assign/vec4 v0x112e16ee0_0, 0;
    %pushi/vec4 0, 0, 8;
    %assign/vec4 v0x112e16f90_0, 0;
    %pushi/vec4 0, 0, 1;
    %assign/vec4 v0x112e176c0_0, 0;
    %pushi/vec4 0, 0, 1;
    %assign/vec4 v0x112e17620_0, 0;
    %pushi/vec4 0, 0, 16;
    %assign/vec4 v0x112e174d0_0, 0;
    %pushi/vec4 0, 0, 1;
    %assign/vec4 v0x112e17580_0, 0;
    %pushi/vec4 0, 0, 9;
    %assign/vec4 v0x112e17370_0, 0;
    %pushi/vec4 0, 0, 9;
    %assign/vec4 v0x112e17420_0, 0;
    %pushi/vec4 0, 0, 1;
    %assign/vec4 v0x112e17760_0, 0;
    %pushi/vec4 0, 0, 16;
    %assign/vec4 v0x112e154e0_0, 0;
    %pushi/vec4 0, 0, 1;
    %assign/vec4 v0x112e178a0_0, 0;
    %jmp T_3.1;
T_3.0 ;
    %load/vec4 v0x112e176c0_0;
    %assign/vec4 v0x112e178a0_0, 0;
    %load/vec4 v0x112e176c0_0;
    %flag_set/vec4 8;
    %jmp/0xz  T_3.2, 8;
    %load/vec4 v0x112e17620_0;
    %flag_set/vec4 8;
    %jmp/0xz  T_3.4, 8;
    %load/vec4 v0x112e174d0_0;
    %assign/vec4 v0x112e154e0_0, 0;
    %jmp T_3.5;
T_3.4 ;
    %load/vec4 v0x112e17420_0;
    %store/vec4 v0x112e15a00_0, 0, 9;
    %load/vec4 v0x112e17370_0;
    %store/vec4 v0x112e15950_0, 0, 9;
    %load/vec4 v0x112e17580_0;
    %store/vec4 v0x112e15ab0_0, 0, 1;
    %load/vec4 v0x112e15a00_0;
    %cmpi/e 0, 0, 9;
    %jmp/0xz  T_3.6, 4;
    %pushi/vec4 0, 0, 16;
    %assign/vec4 v0x112e154e0_0, 0;
    %jmp T_3.7;
T_3.6 ;
    %load/vec4 v0x112e15a00_0;
    %parti/s 1, 8, 5;
    %flag_set/vec4 8;
    %jmp/0xz  T_3.8, 8;
    %load/vec4 v0x112e15a00_0;
    %ix/load 4, 1, 0;
    %flag_set/imm 4, 0;
    %shiftr 4;
    %store/vec4 v0x112e15a00_0, 0, 9;
    %load/vec4 v0x112e15950_0;
    %addi 1, 0, 9;
    %store/vec4 v0x112e15950_0, 0, 9;
T_3.8 ;
T_3.10 ;
    %load/vec4 v0x112e15a00_0;
    %cmpi/ne 0, 0, 9;
    %flag_get/vec4 4;
    %jmp/0 T_3.12, 4;
    %load/vec4 v0x112e15a00_0;
    %parti/s 1, 7, 4;
    %nor/r;
    %and;
T_3.12;
    %flag_set/vec4 8;
    %jmp/0xz T_3.11, 8;
    %load/vec4 v0x112e15a00_0;
    %ix/load 4, 1, 0;
    %flag_set/imm 4, 0;
    %shiftl 4;
    %store/vec4 v0x112e15a00_0, 0, 9;
    %load/vec4 v0x112e15950_0;
    %subi 1, 0, 9;
    %store/vec4 v0x112e15950_0, 0, 9;
    %jmp T_3.10;
T_3.11 ;
    %load/vec4 v0x112e15a00_0;
    %pushi/vec4 127, 0, 9;
    %and;
    %store/vec4 v0x112e15a00_0, 0, 9;
    %load/vec4 v0x112e15950_0;
    %cmpi/u 0, 0, 9;
    %flag_or 5, 4;
    %jmp/0xz  T_3.13, 5;
    %load/vec4 v0x112e15ab0_0;
    %concati/vec4 0, 0, 15;
    %assign/vec4 v0x112e154e0_0, 0;
    %jmp T_3.14;
T_3.13 ;
    %load/vec4 v0x112e15950_0;
    %cmpi/u 255, 0, 9;
    %flag_inv 5; GE is !LT
    %jmp/0xz  T_3.15, 5;
    %load/vec4 v0x112e15ab0_0;
    %concati/vec4 255, 0, 8;
    %concati/vec4 0, 0, 7;
    %assign/vec4 v0x112e154e0_0, 0;
    %jmp T_3.16;
T_3.15 ;
    %load/vec4 v0x112e15ab0_0;
    %load/vec4 v0x112e15950_0;
    %parti/s 8, 0, 2;
    %concat/vec4; draw_concat_vec4
    %load/vec4 v0x112e15a00_0;
    %parti/s 7, 0, 2;
    %concat/vec4; draw_concat_vec4
    %assign/vec4 v0x112e154e0_0, 0;
T_3.16 ;
T_3.14 ;
T_3.7 ;
T_3.5 ;
T_3.2 ;
    %load/vec4 v0x112e176c0_0;
    %assign/vec4 v0x112e17760_0, 0;
    %load/vec4 v0x112e172d0_0;
    %assign/vec4 v0x112e176c0_0, 0;
    %load/vec4 v0x112e17230_0;
    %assign/vec4 v0x112e17620_0, 0;
    %load/vec4 v0x112e17040_0;
    %assign/vec4 v0x112e174d0_0, 0;
    %load/vec4 v0x112e172d0_0;
    %flag_set/vec4 9;
    %flag_get/vec4 9;
    %jmp/0 T_3.19, 9;
    %load/vec4 v0x112e17230_0;
    %nor/r;
    %and;
T_3.19;
    %flag_set/vec4 8;
    %jmp/0xz  T_3.17, 8;
    %load/vec4 v0x112e170f0_0;
    %load/vec4 v0x112e17190_0;
    %cmp/e;
    %jmp/0xz  T_3.20, 4;
    %pushi/vec4 0, 0, 1;
    %load/vec4 v0x112e16ee0_0;
    %concat/vec4; draw_concat_vec4
    %pushi/vec4 0, 0, 1;
    %load/vec4 v0x112e16f90_0;
    %concat/vec4; draw_concat_vec4
    %add;
    %assign/vec4 v0x112e17420_0, 0;
    %load/vec4 v0x112e170f0_0;
    %assign/vec4 v0x112e17580_0, 0;
    %jmp T_3.21;
T_3.20 ;
    %load/vec4 v0x112e16f90_0;
    %load/vec4 v0x112e16ee0_0;
    %cmp/u;
    %flag_or 5, 4;
    %jmp/0xz  T_3.22, 5;
    %pushi/vec4 0, 0, 1;
    %load/vec4 v0x112e16ee0_0;
    %concat/vec4; draw_concat_vec4
    %pushi/vec4 0, 0, 1;
    %load/vec4 v0x112e16f90_0;
    %concat/vec4; draw_concat_vec4
    %sub;
    %assign/vec4 v0x112e17420_0, 0;
    %load/vec4 v0x112e170f0_0;
    %assign/vec4 v0x112e17580_0, 0;
    %jmp T_3.23;
T_3.22 ;
    %pushi/vec4 0, 0, 1;
    %load/vec4 v0x112e16f90_0;
    %concat/vec4; draw_concat_vec4
    %pushi/vec4 0, 0, 1;
    %load/vec4 v0x112e16ee0_0;
    %concat/vec4; draw_concat_vec4
    %sub;
    %assign/vec4 v0x112e17420_0, 0;
    %load/vec4 v0x112e17190_0;
    %assign/vec4 v0x112e17580_0, 0;
T_3.23 ;
T_3.21 ;
    %load/vec4 v0x112e16e30_0;
    %assign/vec4 v0x112e17370_0, 0;
T_3.17 ;
    %load/vec4 v0x112e16d90_0;
    %assign/vec4 v0x112e172d0_0, 0;
    %load/vec4 v0x112e16cf0_0;
    %assign/vec4 v0x112e17230_0, 0;
    %load/vec4 v0x112e16b10_0;
    %assign/vec4 v0x112e17040_0, 0;
    %load/vec4 v0x112e16d90_0;
    %flag_set/vec4 9;
    %flag_get/vec4 9;
    %jmp/0 T_3.26, 9;
    %load/vec4 v0x112e16cf0_0;
    %nor/r;
    %and;
T_3.26;
    %flag_set/vec4 8;
    %jmp/0xz  T_3.24, 8;
    %pushi/vec4 0, 0, 1;
    %load/vec4 v0x112e15d60_0;
    %concat/vec4; draw_concat_vec4
    %store/vec4 v0x112e151d0_0, 0, 9;
    %pushi/vec4 0, 0, 1;
    %load/vec4 v0x112e16a80_0;
    %concat/vec4; draw_concat_vec4
    %store/vec4 v0x112e15280_0, 0, 9;
    %load/vec4 v0x112e167f0_0;
    %load/vec4 v0x112e16740_0;
    %cmp/u;
    %jmp/0xz  T_3.27, 5;
    %load/vec4 v0x112e16740_0;
    %load/vec4 v0x112e167f0_0;
    %sub;
    %pad/u 6;
    %store/vec4 v0x112e15f70_0, 0, 6;
    %load/vec4 v0x112e15f70_0;
    %cmpi/u 24, 0, 6;
    %flag_or 5, 4; GT is !LE
    %flag_inv 5;
    %jmp/0xz  T_3.29, 5;
    %pushi/vec4 0, 0, 9;
    %store/vec4 v0x112e15280_0, 0, 9;
    %jmp T_3.30;
T_3.29 ;
    %load/vec4 v0x112e15280_0;
    %ix/getv 4, v0x112e15f70_0;
    %shiftr 4;
    %store/vec4 v0x112e15280_0, 0, 9;
T_3.30 ;
    %load/vec4 v0x112e16740_0;
    %store/vec4 v0x112e15110_0, 0, 9;
    %jmp T_3.28;
T_3.27 ;
    %load/vec4 v0x112e16740_0;
    %load/vec4 v0x112e167f0_0;
    %cmp/u;
    %jmp/0xz  T_3.31, 5;
    %load/vec4 v0x112e167f0_0;
    %load/vec4 v0x112e16740_0;
    %sub;
    %pad/u 6;
    %store/vec4 v0x112e15f70_0, 0, 6;
    %load/vec4 v0x112e15f70_0;
    %cmpi/u 24, 0, 6;
    %flag_or 5, 4; GT is !LE
    %flag_inv 5;
    %jmp/0xz  T_3.33, 5;
    %pushi/vec4 0, 0, 9;
    %store/vec4 v0x112e151d0_0, 0, 9;
    %jmp T_3.34;
T_3.33 ;
    %load/vec4 v0x112e151d0_0;
    %ix/getv 4, v0x112e15f70_0;
    %shiftr 4;
    %store/vec4 v0x112e151d0_0, 0, 9;
T_3.34 ;
    %load/vec4 v0x112e167f0_0;
    %store/vec4 v0x112e15110_0, 0, 9;
    %jmp T_3.32;
T_3.31 ;
    %load/vec4 v0x112e16740_0;
    %store/vec4 v0x112e15110_0, 0, 9;
T_3.32 ;
T_3.28 ;
    %load/vec4 v0x112e16bb0_0;
    %assign/vec4 v0x112e170f0_0, 0;
    %load/vec4 v0x112e16c50_0;
    %assign/vec4 v0x112e17190_0, 0;
    %load/vec4 v0x112e15110_0;
    %assign/vec4 v0x112e16e30_0, 0;
    %load/vec4 v0x112e151d0_0;
    %parti/s 8, 0, 2;
    %assign/vec4 v0x112e16ee0_0, 0;
    %load/vec4 v0x112e15280_0;
    %parti/s 8, 0, 2;
    %assign/vec4 v0x112e16f90_0, 0;
T_3.24 ;
    %load/vec4 v0x112e166a0_0;
    %assign/vec4 v0x112e16d90_0, 0;
    %load/vec4 v0x112e16600_0;
    %assign/vec4 v0x112e16cf0_0, 0;
    %load/vec4 v0x112e16550_0;
    %assign/vec4 v0x112e16b10_0, 0;
    %load/vec4 v0x112e166a0_0;
    %flag_set/vec4 9;
    %flag_get/vec4 9;
    %jmp/0 T_3.37, 9;
    %load/vec4 v0x112e16600_0;
    %nor/r;
    %and;
T_3.37;
    %flag_set/vec4 8;
    %jmp/0xz  T_3.35, 8;
    %load/vec4 v0x112e163f0_0;
    %parti/s 1, 15, 5;
    %store/vec4 v0x112e160c0_0, 0, 1;
    %load/vec4 v0x112e163f0_0;
    %parti/s 8, 7, 4;
    %store/vec4 v0x112e156e0_0, 0, 8;
    %load/vec4 v0x112e163f0_0;
    %parti/s 7, 0, 2;
    %store/vec4 v0x112e15c00_0, 0, 7;
    %load/vec4 v0x112e164a0_0;
    %parti/s 1, 15, 5;
    %store/vec4 v0x112e16200_0, 0, 1;
    %load/vec4 v0x112e164a0_0;
    %parti/s 8, 7, 4;
    %store/vec4 v0x112e158a0_0, 0, 8;
    %load/vec4 v0x112e164a0_0;
    %parti/s 7, 0, 2;
    %store/vec4 v0x112e15e40_0, 0, 7;
    %load/vec4 v0x112e160c0_0;
    %assign/vec4 v0x112e16bb0_0, 0;
    %load/vec4 v0x112e16200_0;
    %assign/vec4 v0x112e16c50_0, 0;
    %load/vec4 v0x112e156e0_0;
    %load/vec4 v0x112e15c00_0;
    %store/vec4 v0x112e14bc0_0, 0, 7;
    %store/vec4 v0x112e14b10_0, 0, 8;
    %callf/vec4 TD_bf16_add_testbench.uut.adjust_exp_for_denormal, S_0x112e04880;
    %assign/vec4 v0x112e16740_0, 0;
    %load/vec4 v0x112e158a0_0;
    %load/vec4 v0x112e15e40_0;
    %store/vec4 v0x112e14bc0_0, 0, 7;
    %store/vec4 v0x112e14b10_0, 0, 8;
    %callf/vec4 TD_bf16_add_testbench.uut.adjust_exp_for_denormal, S_0x112e04880;
    %assign/vec4 v0x112e167f0_0, 0;
    %load/vec4 v0x112e156e0_0;
    %load/vec4 v0x112e15c00_0;
    %load/vec4 v0x112e156e0_0;
    %pushi/vec4 0, 0, 8;
    %cmp/e;
    %flag_get/vec4 4;
    %store/vec4 v0x112e14f00_0, 0, 1;
    %store/vec4 v0x112e14fa0_0, 0, 7;
    %store/vec4 v0x112e14e50_0, 0, 8;
    %callf/vec4 TD_bf16_add_testbench.uut.normalize_mantissa, S_0x112e14c80;
    %assign/vec4 v0x112e15d60_0, 0;
    %load/vec4 v0x112e158a0_0;
    %load/vec4 v0x112e15e40_0;
    %load/vec4 v0x112e158a0_0;
    %pushi/vec4 0, 0, 8;
    %cmp/e;
    %flag_get/vec4 4;
    %store/vec4 v0x112e14f00_0, 0, 1;
    %store/vec4 v0x112e14fa0_0, 0, 7;
    %store/vec4 v0x112e14e50_0, 0, 8;
    %callf/vec4 TD_bf16_add_testbench.uut.normalize_mantissa, S_0x112e14c80;
    %assign/vec4 v0x112e16a80_0, 0;
T_3.35 ;
    %load/vec4 v0x112e15340_0;
    %assign/vec4 v0x112e163f0_0, 0;
    %load/vec4 v0x112e153f0_0;
    %assign/vec4 v0x112e164a0_0, 0;
    %load/vec4 v0x112e17800_0;
    %assign/vec4 v0x112e166a0_0, 0;
    %load/vec4 v0x112e162a0_0;
    %assign/vec4 v0x112e16600_0, 0;
    %load/vec4 v0x112e16340_0;
    %assign/vec4 v0x112e16550_0, 0;
T_3.1 ;
    %jmp T_3;
    .thread T_3;
    .scope S_0x112e04170;
T_4 ;
    %pushi/vec4 0, 0, 1;
    %store/vec4 v0x112e17ba0_0, 0, 1;
T_4.0 ;
    %delay 5000, 0;
    %load/vec4 v0x112e17ba0_0;
    %inv;
    %store/vec4 v0x112e17ba0_0, 0, 1;
    %jmp T_4.0;
    %end;
    .thread T_4;
    .scope S_0x112e04170;
T_5 ;
    %pushi/vec4 0, 0, 1;
    %store/vec4 v0x112e17c30_0, 0, 1;
    %pushi/vec4 0, 0, 1;
    %store/vec4 v0x112e17d00_0, 0, 1;
    %pushi/vec4 0, 0, 16;
    %store/vec4 v0x112e179f0_0, 0, 16;
    %pushi/vec4 0, 0, 16;
    %store/vec4 v0x112e17a80_0, 0, 16;
    %delay 20000, 0;
    %pushi/vec4 1, 0, 1;
    %store/vec4 v0x112e17c30_0, 0, 1;
    %delay 10000, 0;
    %vpi_call 2 404 "$display", "Test 1: 1.0 + 1.0" {0 0 0};
    %pushi/vec4 1, 0, 1;
    %store/vec4 v0x112e17d00_0, 0, 1;
    %pushi/vec4 16256, 0, 16;
    %store/vec4 v0x112e179f0_0, 0, 16;
    %pushi/vec4 16256, 0, 16;
    %store/vec4 v0x112e17a80_0, 0, 16;
    %delay 10000, 0;
    %pushi/vec4 0, 0, 1;
    %store/vec4 v0x112e17d00_0, 0, 1;
    %pushi/vec4 6, 0, 32;
T_5.0 %dup/vec4;
    %pushi/vec4 0, 0, 32;
    %cmp/s;
    %jmp/1xz T_5.1, 5;
    %jmp/1 T_5.1, 4;
    %pushi/vec4 1, 0, 32;
    %sub;
    %wait E_0x112e042f0;
    %jmp T_5.0;
T_5.1 ;
    %pop/vec4 1;
    %load/vec4 v0x112e17db0_0;
    %flag_set/vec4 8;
    %jmp/0xz  T_5.2, 8;
    %vpi_call 2 414 "$display", "Result: %h (Expected: 4000)", v0x112e17b10_0 {0 0 0};
    %jmp T_5.3;
T_5.2 ;
    %vpi_call 2 416 "$display", "No valid output yet" {0 0 0};
T_5.3 ;
    %delay 10000, 0;
    %vpi_call 2 420 "$display", "Test 2: 0.0 + 1.0" {0 0 0};
    %pushi/vec4 1, 0, 1;
    %store/vec4 v0x112e17d00_0, 0, 1;
    %pushi/vec4 0, 0, 16;
    %store/vec4 v0x112e179f0_0, 0, 16;
    %pushi/vec4 16256, 0, 16;
    %store/vec4 v0x112e17a80_0, 0, 16;
    %delay 10000, 0;
    %pushi/vec4 0, 0, 1;
    %store/vec4 v0x112e17d00_0, 0, 1;
    %pushi/vec4 6, 0, 32;
T_5.4 %dup/vec4;
    %pushi/vec4 0, 0, 32;
    %cmp/s;
    %jmp/1xz T_5.5, 5;
    %jmp/1 T_5.5, 4;
    %pushi/vec4 1, 0, 32;
    %sub;
    %wait E_0x112e042f0;
    %jmp T_5.4;
T_5.5 ;
    %pop/vec4 1;
    %load/vec4 v0x112e17db0_0;
    %flag_set/vec4 8;
    %jmp/0xz  T_5.6, 8;
    %vpi_call 2 429 "$display", "Result: %h (Expected: 3F80)", v0x112e17b10_0 {0 0 0};
T_5.6 ;
    %delay 10000, 0;
    %vpi_call 2 433 "$display", "Test 3: 1.0 + (-1.0)" {0 0 0};
    %pushi/vec4 1, 0, 1;
    %store/vec4 v0x112e17d00_0, 0, 1;
    %pushi/vec4 16256, 0, 16;
    %store/vec4 v0x112e179f0_0, 0, 16;
    %pushi/vec4 49024, 0, 16;
    %store/vec4 v0x112e17a80_0, 0, 16;
    %delay 10000, 0;
    %pushi/vec4 0, 0, 1;
    %store/vec4 v0x112e17d00_0, 0, 1;
    %pushi/vec4 6, 0, 32;
T_5.8 %dup/vec4;
    %pushi/vec4 0, 0, 32;
    %cmp/s;
    %jmp/1xz T_5.9, 5;
    %jmp/1 T_5.9, 4;
    %pushi/vec4 1, 0, 32;
    %sub;
    %wait E_0x112e042f0;
    %jmp T_5.8;
T_5.9 ;
    %pop/vec4 1;
    %load/vec4 v0x112e17db0_0;
    %flag_set/vec4 8;
    %jmp/0xz  T_5.10, 8;
    %vpi_call 2 442 "$display", "Result: %h (Expected: 0000)", v0x112e17b10_0 {0 0 0};
T_5.10 ;
    %delay 10000, 0;
    %vpi_call 2 446 "$display", "Test 4: 0.5 + 0.5" {0 0 0};
    %pushi/vec4 1, 0, 1;
    %store/vec4 v0x112e17d00_0, 0, 1;
    %pushi/vec4 16128, 0, 16;
    %store/vec4 v0x112e179f0_0, 0, 16;
    %pushi/vec4 16128, 0, 16;
    %store/vec4 v0x112e17a80_0, 0, 16;
    %delay 10000, 0;
    %pushi/vec4 0, 0, 1;
    %store/vec4 v0x112e17d00_0, 0, 1;
    %pushi/vec4 6, 0, 32;
T_5.12 %dup/vec4;
    %pushi/vec4 0, 0, 32;
    %cmp/s;
    %jmp/1xz T_5.13, 5;
    %jmp/1 T_5.13, 4;
    %pushi/vec4 1, 0, 32;
    %sub;
    %wait E_0x112e042f0;
    %jmp T_5.12;
T_5.13 ;
    %pop/vec4 1;
    %load/vec4 v0x112e17db0_0;
    %flag_set/vec4 8;
    %jmp/0xz  T_5.14, 8;
    %vpi_call 2 455 "$display", "Result: %h (Expected: 3F80)", v0x112e17b10_0 {0 0 0};
T_5.14 ;
    %delay 10000, 0;
    %vpi_call 2 458 "$display", "All tests completed" {0 0 0};
    %vpi_call 2 459 "$finish" {0 0 0};
    %end;
    .thread T_5;
    .scope S_0x112e04170;
T_6 ;
    %vpi_call 2 464 "$monitor", "Time=%t, clk=%b, rst_n=%b, valid_in=%b, bf16_a=%h, bf16_b=%h, valid_out=%b, bf16_out=%h", $time, v0x112e17ba0_0, v0x112e17c30_0, v0x112e17d00_0, v0x112e179f0_0, v0x112e17a80_0, v0x112e17db0_0, v0x112e17b10_0 {0 0 0};
    %end;
    .thread T_6;
# The file index is used to find the file name in the following table.
:file_names 3;
    "N/A";
    "<interactive>";
    "bf16_add_combined_fixed.v";
